%!Adobe-FontList 1.14
%Locale:0x419

%BeginFont
Handler:DirectoryHandler
FontType:Type1
FontName:HeliosCondC
FamilyName:HeliosCondC
FullName:HeliosCondC
MenuName:HeliosCondC
StyleBits:0
FamilyNameNative:
StyleNameNative:
FullNameNative:
WritingScript:Cyrillic
OutlineFileName:H:\node\for mail\Папка Screense_istoricheskie_mesta\Document fonts\HLS57_.PFB
DataFormat:Plain
UsesStandardEncoding:no
isCFF:no
FileLength:32227
FileModTime:1108465250
DesignSize:-1
%EndFont

%BeginFont
Handler:DirectoryHandler
FontType:PFM
FontName:HeliosCondC
NumMMAxes:0
OutlineFileName:H:\node\for mail\Папка Screense_istoricheskie_mesta\Document fonts\HLS57_.PFM
FileLength:2338
FileModTime:1108465250
%EndFont

%BeginFont
Handler:DirectoryHandler
FontType:Type1
FontName:HeliosCondC-Italic
FamilyName:HeliosCondC
StyleName:Italic
FullName:HeliosCondC Italic
MenuName:HeliosCondC
StyleBits:1
FamilyNameNative:
StyleNameNative:Italic
FullNameNative:
WritingScript:Cyrillic
OutlineFileName:H:\node\for mail\Папка Screense_istoricheskie_mesta\Document fonts\HLS58_.PFB
DataFormat:Plain
UsesStandardEncoding:no
isCFF:no
FileLength:34510
FileModTime:1108465274
DesignSize:-1
%EndFont

%BeginFont
Handler:DirectoryHandler
FontType:PFM
FontName:HeliosCondC-Italic
NumMMAxes:0
OutlineFileName:H:\node\for mail\Папка Screense_istoricheskie_mesta\Document fonts\HLS58_.PFM
FileLength:2345
FileModTime:1108465274
%EndFont

%BeginFont
Handler:DirectoryHandler
FontType:Type1
FontName:HeliosCondC-Bold
FamilyName:HeliosCondC
StyleName:Bold
FullName:HeliosCondC Bold
MenuName:HeliosCondC
StyleBits:2
FamilyNameNative:
StyleNameNative:Bold
FullNameNative:
WritingScript:Cyrillic
OutlineFileName:H:\node\for mail\Папка Screense_istoricheskie_mesta\Document fonts\HLS77_.PFB
DataFormat:Plain
UsesStandardEncoding:no
isCFF:no
FileLength:34296
FileModTime:1108466310
DesignSize:-1
%EndFont

%BeginFont
Handler:DirectoryHandler
FontType:PFM
FontName:HeliosCondC-Bold
NumMMAxes:0
OutlineFileName:H:\node\for mail\Папка Screense_istoricheskie_mesta\Document fonts\HLS77_.PFM
FileLength:1931
FileModTime:1108466310
%EndFont

